// Jest Snapshot v1, https://goo.gl/fbAQLP

exports[`Snapshot test testing footer 1`] = `
<footer>
  <div>
    <hr />
    Â© DevelopedByVishnu
  </div>
</footer>
`;
